2025-06,Americano,301459
2025-01,Flat White,312232
2024-05,Cappuccino,311622
2024-01,Latte,311361
2024-02,Espresso,291989
2024-12,Latte,311081
2024-06,Espresso,301730
2024-10,Espresso,310356
2024-03,Latte,310920
2024-09,Cappuccino,301343
2024-11,Americano,300850
2025-05,Cappuccino,311492
2024-04,Americano,300869
2024-07,Flat White,310592
2025-04,Mocha,301665
2025-03,Americano,310772
2025-02,Hot Chocolate,280937
2024-08,Americano,311683
