G Coffee @ Seksyen 21,1999-02-13,7
G Coffee @ Seksyen 21,1972-03-05,7
G Coffee @ USJ 89q,2001-06-11,7
G Coffee @ PJS8,1983-05-23,8
G Coffee @ Taman Damansara,1988-09-14,7
G Coffee @ Damansara Saujana,1976-05-24,7
G Coffee @ USJ 57W,1978-01-25,7
G Coffee @ USJ 57W,2007-12-30,7
G Coffee @ Seksyen 21,1997-02-08,7
G Coffee @ USJ 89q,2008-05-26,7
G Coffee @ USJ 89q,1971-11-13,7
G Coffee @ Kampung Changkat,1970-01-03,8
G Coffee @ Kampung Changkat,1973-08-12,7
G Coffee @ Kampung Changkat,1977-08-07,7
G Coffee @ PJS8,1979-12-04,9
G Coffee @ PJS8,2003-11-05,8
G Coffee @ Taman Damansara,1987-08-01,7
G Coffee @ Taman Damansara,2004-11-10,7
G Coffee @ Damansara Saujana,1989-03-07,7
G Coffee @ Damansara Saujana,1984-01-20,7
G Coffee @ USJ 57W,1987-07-23,6
G Coffee @ Kondominium Putra,1988-09-13,8
G Coffee @ Kondominium Putra,1999-08-03,7
G Coffee @ Bandar Seri Mulia,1991-05-16,8
G Coffee @ Alam Tun Hussein Onn,1973-10-31,8
G Coffee @ Alam Tun Hussein Onn,2006-01-28,8
G Coffee @ Kondominium Putra,2007-06-14,7
G Coffee @ Bandar Seri Mulia,2000-06-30,8
G Coffee @ Bandar Seri Mulia,1983-08-25,8
G Coffee @ Alam Tun Hussein Onn,1997-08-10,8
