2025-H1,G Coffee @ PJS8,12013619.749999937
2025-H1,G Coffee @ Alam Tun Hussein Onn,11962801.069999944
2025-H1,G Coffee @ Kampung Changkat,12067810.85999993
2025-H1,G Coffee @ Taman Damansara,11994787.109999929
2025-H1,G Coffee @ Damansara Saujana,11984970.699999962
2025-H1,G Coffee @ USJ 89q,11996361.259999957
2025-H1,G Coffee @ Seksyen 21,12037040.529999949
2025-H1,G Coffee @ Bandar Seri Mulia,12009401.869999906
2025-H1,G Coffee @ Kondominium Putra,12021300.539999917
2025-H1,G Coffee @ USJ 57W,12005743.929999936
2024-H2,G Coffee @ Bandar Seri Mulia,12160503.31499975
2024-H2,G Coffee @ USJ 89q,12099204.159999937
2024-H2,G Coffee @ Seksyen 21,12140090.41499984
2024-H2,G Coffee @ USJ 57W,12129201.669999864
2024-H2,G Coffee @ Taman Damansara,12178771.764999874
2024-H2,G Coffee @ Damansara Saujana,12146023.204999821
2024-H2,G Coffee @ Kondominium Putra,12143664.67499995
2024-H2,G Coffee @ PJS8,12130840.059999902
2024-H2,G Coffee @ Kampung Changkat,12128707.149999954
2024-H2,G Coffee @ Alam Tun Hussein Onn,12201348.934999855
2024-H1,G Coffee @ Taman Damansara,12097843.580000013
2024-H1,G Coffee @ Bandar Seri Mulia,12063798.379999978
2024-H1,G Coffee @ Seksyen 21,12102556.660000004
2024-H1,G Coffee @ USJ 57W,12074549.719999984
2024-H1,G Coffee @ Damansara Saujana,12071599.829999955
2024-H1,G Coffee @ Alam Tun Hussein Onn,12055387.75999998
2024-H1,G Coffee @ Kampung Changkat,12075093.820000045
2024-H1,G Coffee @ Kondominium Putra,12081295.479999963
2024-H1,G Coffee @ USJ 89q,12054500.530000007
2024-H1,G Coffee @ PJS8,12083143.869999997
