2025-02,Hot Chocolate,280937.0
2025-01,Flat White,312232.0
2024-02,Espresso,291989.0
2024-01,Latte,311361.0
